../Core/Src/BNO_085_I2C.c:61:16:waitInt	16	static
../Core/Src/BNO_085_I2C.c:73:13:start_timer	16	static
../Core/Src/BNO_085_I2C.c:87:17:timeNowUs	4	static
../Core/Src/BNO_085_I2C.c:92:13:delay_us	24	static
../Core/Src/BNO_085_I2C.c:102:14:invSqrt	32	static
../Core/Src/BNO_085_I2C.c:113:13:quaternionUpdate	80	static
../Core/Src/BNO_085_I2C.c:158:13:resetHeader	16	static
../Core/Src/BNO_085_I2C.c:165:26:sendPacket	32	static
../Core/Src/BNO_085_I2C.c:220:26:receivePacket	24	static
../Core/Src/BNO_085_I2C.c:269:26:sendExecutable	16	static
../Core/Src/BNO_085_I2C.c:279:13:getSensorValue	8	static
../Core/Src/BNO_085_I2C.c:610:26:processCommandResponse	4	static
../Core/Src/BNO_085_I2C.c:657:26:processResponse	16	static
../Core/Src/BNO_085_I2C.c:704:26:waitForPacket	8	static
../Core/Src/BNO_085_I2C.c:712:26:waitForCommandResponse	16	static
../Core/Src/BNO_085_I2C.c:749:26:getID	8	static
../Core/Src/BNO_085_I2C.c:759:19:BNO_Init	8	static
../Core/Src/BNO_085_I2C.c:787:19:BNO_setHighAccuracyMode	16	static
../Core/Src/BNO_085_I2C.c:811:9:isResetOccurred	4	static
../Core/Src/BNO_085_I2C.c:819:9:BNO_getSensorEventID	4	static
../Core/Src/BNO_085_I2C.c:824:19:BNO_Reset	8	static
../Core/Src/BNO_085_I2C.c:841:19:BNO_On	8	static
../Core/Src/BNO_085_I2C.c:846:19:BNO_Sleep	8	static
../Core/Src/BNO_085_I2C.c:851:17:BNO_getProductID	16	static
../Core/Src/BNO_085_I2C.c:856:19:BNO_writeFRS	24	static
../Core/Src/BNO_085_I2C.c:897:19:BNO_readFRS	24	static
../Core/Src/BNO_085_I2C.c:977:19:BNO_TareNow	16	static
../Core/Src/BNO_085_I2C.c:998:19:BNO_TarePerist	8	static
../Core/Src/BNO_085_I2C.c:1008:19:BNO_TareSetReorientation	40	static
../Core/Src/BNO_085_I2C.c:1021:19:BNO_ClearTare	8	static
../Core/Src/BNO_085_I2C.c:1035:19:BNO_Initialize	8	static
../Core/Src/BNO_085_I2C.c:1044:19:BNO_saveCalibration	8	static
../Core/Src/BNO_085_I2C.c:1057:19:BNO_condigureCalibration	16	static
../Core/Src/BNO_085_I2C.c:1097:19:BNO_enableCalibration	8	static
../Core/Src/BNO_085_I2C.c:1108:19:BNO_configurePeriodicDcdSave	16	static
../Core/Src/BNO_085_I2C.c:1118:18:BNO_getOscillatorType	8	static
../Core/Src/BNO_085_I2C.c:1129:19:BNO_clearDcdReset	8	static
../Core/Src/BNO_085_I2C.c:1144:19:BNO_simpleCalibration	24	static
../Core/Src/BNO_085_I2C.c:1173:19:BNO_setBootMode	16	static
../Core/Src/BNO_085_I2C.c:1184:16:BNO_getBootMode	8	static
../Core/Src/BNO_085_I2C.c:1196:19:BNO_interactiveCalibration	16	static
../Core/Src/BNO_085_I2C.c:1219:20:BNO_forceFlush	16	static
../Core/Src/BNO_085_I2C.c:1227:20:BNO_getCalibrationStatus	8	static
../Core/Src/BNO_085_I2C.c:1236:19:BNO_isCalibrationComplete	4	static
../Core/Src/BNO_085_I2C.c:1245:19:setTelescopeOrientation	8	static
../Core/Src/BNO_085_I2C.c:1262:19:BNO_calibrateHighAccuracyAndReset	16	static
../Core/Src/BNO_085_I2C.c:1300:19:BNO_dataAvailable	8	static
../Core/Src/BNO_085_I2C.c:1308:15:BNO_getFeature	40	static
../Core/Src/BNO_085_I2C.c:1319:19:BNO_setFeature	24	static
../Core/Src/BNO_085_I2C.c:1339:20:BNO_getRollPitchYaw	40	static
../Core/Src/BNO_085_I2C.c:1349:21:getaccelerometer	40	static
../Core/Src/BNO_085_I2C.c:1369:17:getGyroscope	40	static
../Core/Src/BNO_085_I2C.c:1384:21:getMagneticField	40	static
../Core/Src/BNO_085_I2C.c:1394:26:getRotationVector	24	static
../Core/Src/BNO_085_I2C.c:1399:22:getGameRotationVector	40	static
../Core/Src/BNO_085_I2C.c:1549:19:init_BNO085	24	static
../Core/Src/BNO_085_I2C.c:1596:19:read_accelerometer_data	24	static
